// Jest Snapshot v1, https://goo.gl/fbAQLP

exports[`Should render correctly depending on availability of listed items Render 'FilmsLit' with films items 1`] = `
<div>
  <article
    class="small-movie-card catalog__movies-card"
  >
    <div
      class="small-movie-card__image"
    >
      <img
        alt="The Grand Budapest Hotel"
        height="175"
        src="img/the-grand-budapest-hotel-poster.jpg"
        width="280"
      />
    </div>
    <h3
      class="small-movie-card__title"
    >
      <a
        class="small-movie-card__link"
        href="/films/1"
      >
        The Grand Budapest Hotel
      </a>
    </h3>
  </article>
  <article
    class="small-movie-card catalog__movies-card"
  >
    <div
      class="small-movie-card__image"
    >
      <img
        alt="Shutter Island"
        height="175"
        src="https://assets.htmlacademy.ru/intensives/javascript-3/film/poster/Shutter_Island.jpg"
        width="280"
      />
    </div>
    <h3
      class="small-movie-card__title"
    >
      <a
        class="small-movie-card__link"
        href="/films/2"
      >
        Shutter Island
      </a>
    </h3>
  </article>
</div>
`;

exports[`Should render correctly depending on availability of listed items Render 'FilmsLit' without films items 1`] = `
<div>
  <h2>
    The were no films added yet.
  </h2>
</div>
`;
